Output when no input is given[0] = Expenses Fri Feb 10 11:02:11 IST 2023
Output when no input is given[1] = Meal expenses: 2000
Output when no input is given[2] = Total expenses: 2000
