output when there are multiple expenses costing more than the expense limit[0] = Expenses Fri Feb 10 11:02:11 IST 2023
output when there are multiple expenses costing more than the expense limit[1] = Meal expenses: 12000
output when there are multiple expenses costing more than the expense limit[2] = Total expenses: 12000
